main.c:134:5:main	80	static
main.c:230:6:SystemClock_Config	88	static
main.c:274:13:MX_I2C1_Init	8	static
main.c:308:13:MX_SPI2_Init	8	static
main.c:346:13:MX_TIM1_Init	80	static
main.c:415:13:MX_TIM2_Init	48	static
main.c:472:13:MX_TIM3_Init	48	static
main.c:525:13:MX_USART1_UART_Init	8	static
main.c:558:13:MX_GPIO_Init	48	static
main.c:595:6:HAL_UART_RxCpltCallback	24	static
main.c:647:6:StartTask1	24	static
main.c:675:6:StartTask02	24	static
main.c:697:6:IAQform	8	static
main.c:722:6:Convertvalue	32	static
main.c:741:6:FrameUART	8	static
main.c:817:6:CheckUART	16	static
main.c:1013:6:HAL_TIM_PeriodElapsedCallback	16	static
main.c:1030:6:Error_Handler	4	static
