tft_spi.c:13:6:tft_init	8	static
tft_spi.c:134:6:tft_puts8x16	32	static
tft_spi.c:149:6:tft_puts14x24	32	static
tft_spi.c:163:6:tft_puts18x32	32	static
tft_spi.c:175:6:tft_puts26x48	32	static
tft_spi.c:187:6:tft_clear	24	static
tft_spi.c:209:6:tft_draw_line	64	static
tft_spi.c:247:6:tft_draw_rectangle	24	static
tft_spi.c:257:6:tft_draw_circle	32	static
tft_spi.c:288:6:tft_fill	32	static
tft_spi.c:303:6:tft_fill2	32	static
tft_spi.c:318:6:tft_puts_image	24	static
tft_spi.c:343:6:tft_write_data_8bit	24	static
tft_spi.c:350:6:tft_write_data	24	static
tft_spi.c:360:6:tft_write_register	24	static
tft_spi.c:368:6:tft_add_set	24	static
tft_spi.c:382:6:tft_draw_point	16	static
tft_spi.c:388:6:tft_draw_point_big	32	static
tft_spi.c:394:6:tft_putchar	32	static
tft_spi.c:435:6:tft_putchar26x48	32	static
tft_spi.c:474:6:tft_putchar14x24	32	static
tft_spi.c:513:6:tft_putchar18x32	32	static
